============================= test session starts =============================
platform win32 -- Python 3.14.0, pytest-9.0.2, pluggy-1.6.0
rootdir: G:\Projects\Lol Ai Coach - profiling & meta
collected 12 items

tests\test_lcu_logic.py ..                                               [ 16%]
tests\test_multikey.py FF                                                [ 33%]
tests\test_neural_core.py ....                                           [ 66%]
tests\test_persistence.py .F.                                            [ 91%]
tests\test_smart_filter.py .                                             [100%]

================================== FAILURES ===================================
___________________ TestMultiKey.test_invalid_key_rotation ____________________

self = <test_multikey.TestMultiKey testMethod=test_invalid_key_rotation>
mock_region = <MagicMock name='get_region' id='91451280'>
mock_get_keys = <MagicMock name='get_riot_api_key' id='262177184'>

    @patch('src.riot_client.get_riot_api_key')
    @patch('src.riot_client.get_region')
    def test_invalid_key_rotation(self, mock_region, mock_get_keys):
        # Mock Config to return 2 keys
        mock_get_keys.return_value = ["INVALID_KEY", "VALID_KEY"]
        mock_region.return_value = "euw1"
    
        client = RiotClient()
    
        # Mock Session: Key 1 -> 401, Key 2 -> 200
        mock_response_401 = MagicMock()
        mock_response_401.status_code = 401
    
        mock_response_200 = MagicMock()
        mock_response_200.status_code = 200
        mock_response_200.json.return_value = {"status": "ok"}
    
        client.session.get = MagicMock(side_effect=[mock_response_401, mock_response_200])
    
        url = "/test_auth"
>       result = client._request(url)
                 ^^^^^^^^^^^^^^^
E       AttributeError: 'RiotClient' object has no attribute '_request'

tests\test_multikey.py:75: AttributeError
---------------------------- Captured stdout call -----------------------------
[RIOT] Client Initialized. Region: euw1 | Active Key: INVAL***** (Total: 2)
_______________________ TestMultiKey.test_key_rotation ________________________

self = <test_multikey.TestMultiKey testMethod=test_key_rotation>
mock_region = <MagicMock name='get_region' id='262181552'>
mock_get_keys = <MagicMock name='get_riot_api_key' id='262183568'>

    @patch('src.riot_client.get_riot_api_key')
    @patch('src.riot_client.get_region')
    def test_key_rotation(self, mock_region, mock_get_keys):
        # Mock Config to return 2 keys (Simpler for global limit test)
        mock_get_keys.return_value = ["KEY_1", "KEY_2"]
        mock_region.return_value = "euw1"
    
        client = RiotClient()
    
        # Verify Init
        self.assertEqual(client.api_keys, ["KEY_1", "KEY_2"])
        self.assertEqual(client.session.headers["X-Riot-Token"], "KEY_1")
    
        # Mock Session to fail first 2 times with 429
        mock_response_fail = MagicMock()
        mock_response_fail.status_code = 429
        mock_response_fail.text = "Rate Limit"
    
        mock_response_success = MagicMock()
        mock_response_success.status_code = 200
        mock_response_success.json.return_value = {"status": "ok"}
    
        # Scenario: Key 1 -> 429 -> Key 2 -> 429 -> Sleep -> Key 2 -> 200
        # We need to mock time.sleep to avoid waiting
        with patch('time.sleep') as mock_sleep:
             # Logic:
             # 1. Key 1 (Index 0) -> 429. keys_tried = 1. Rotate to Key 2 (Index 1).
             # 2. Key 2 (Index 1) -> 429. keys_tried = 2. 2 >= 2. Wait 30s. Reset keys_tried = 0.
             # 3. Retry Key 2 (Index 1) -> 200.
    
             client.session.get = MagicMock(side_effect=[
                mock_response_fail, # Key 1 fail
                mock_response_fail, # Key 2 fail (Global Limit Hit)
                mock_response_success # Key 2 success after sleep
             ])
    
>            result = client._request("/test_global_limit")
                      ^^^^^^^^^^^^^^^
E            AttributeError: 'RiotClient' object has no attribute '_request'

tests\test_multikey.py:47: AttributeError
---------------------------- Captured stdout call -----------------------------
[RIOT] Client Initialized. Region: euw1 | Active Key: KEY_1***** (Total: 2)
________________ TestPersistence.test_save_and_retrieve_match _________________

self = <test_persistence.TestPersistence testMethod=test_save_and_retrieve_match>

    def test_save_and_retrieve_match(self):
        """Test strict schema saving and retrieval."""
        match_data = {
            "metadata": {"matchId": "EUW1_123456"},
            "info": {
                "gameMode": "CLASSIC",
                "queueId": 420,
                "gameCreation": 1600000000000,
                "participants": [
                    # Team 100
                    {"puuid": "p1", "championId": 1, "teamId": 100, "teamPosition": "TOP", "win": True},
                    {"puuid": "p2", "championId": 2, "teamId": 100, "teamPosition": "JUNGLE", "win": True},
                    {"puuid": "p3", "championId": 3, "teamId": 100, "teamPosition": "MIDDLE", "win": True},
                    {"puuid": "p4", "championId": 4, "teamId": 100, "teamPosition": "BOTTOM", "win": True},
                    {"puuid": "p5", "championId": 5, "teamId": 100, "teamPosition": "UTILITY", "win": True},
                    # Team 200
                    {"puuid": "p6", "championId": 6, "teamId": 200, "teamPosition": "TOP", "win": False},
                    {"puuid": "p7", "championId": 7, "teamId": 200, "teamPosition": "JUNGLE", "win": False},
                    {"puuid": "p8", "championId": 8, "teamId": 200, "teamPosition": "MIDDLE", "win": False},
                    {"puuid": "p9", "championId": 9, "teamId": 200, "teamPosition": "BOTTOM", "win": False},
                    {"puuid": "p10", "championId": 10, "teamId": 200, "teamPosition": "UTILITY", "win": False},
                ]
            }
        }
    
        # 1. Save
        success = self.db.save_match(match_data)
        self.assertTrue(success)
    
        # 2. Duplicate Check
        success_dup = self.db.save_match(match_data)
        self.assertFalse(success_dup) # Should fail/return False
    
        # 3. Check Count
        self.assertEqual(self.db.get_processed_count(), 1)
    
        # 4. Check Training Data Format
        data = self.db.get_training_data()
>       self.assertEqual(len(data), 1)
E       AssertionError: 0 != 1

tests\test_persistence.py:78: AssertionError
---------------------------- Captured stdout call -----------------------------
[DB] Fetching Training Data (High Performance Join)...
[DB] Extracted 0 full 5v5 matches for training.
[DB] Extracted 0 full 5v5 matches for training.
=========================== short test summary info ===========================
FAILED tests/test_multikey.py::TestMultiKey::test_invalid_key_rotation - Attr...
FAILED tests/test_multikey.py::TestMultiKey::test_key_rotation - AttributeErr...
FAILED tests/test_persistence.py::TestPersistence::test_save_and_retrieve_match
========================= 3 failed, 9 passed in 3.06s =========================
